
Terraform used the selected providers to generate the following execution
plan. Resource actions are indicated with the following symbols:
  + create

Terraform will perform the following actions:

  # docker_network.subnet will be created
  + resource "docker_network" "subnet" {
      + driver      = "bridge"
      + id          = (known after apply)
      + internal    = (known after apply)
      + ipam_driver = "default"
      + name        = "future20-prod-subnet"
      + options     = (known after apply)
      + scope       = (known after apply)

      + ipam_config {
          + subnet   = "172.30.30.0/24"
            # (2 unchanged attributes hidden)
        }

      + labels {
          + label = "environment"
          + value = "prod"
        }
    }

  # module.vm.docker_container.vm[0] will be created
  + resource "docker_container" "vm" {
      + attach                                      = false
      + bridge                                      = (known after apply)
      + command                                     = [
          + "/bin/sh",
          + "-c",
          + "mkdir -p /data/.ssh && printf '%s\\n' \"$SSH_PUBLIC_KEY\" > /data/.ssh/authorized_keys && chmod 600 /data/.ssh/authorized_keys && exec nginx -g 'daemon off;'",
        ]
      + container_logs                              = (known after apply)
      + container_read_refresh_timeout_milliseconds = 15000
      + cpu_shares                                  = 4096
      + entrypoint                                  = (known after apply)
      + env                                         = (sensitive value)
      + exit_code                                   = (known after apply)
      + hostname                                    = (known after apply)
      + id                                          = (known after apply)
      + image                                       = (known after apply)
      + init                                        = (known after apply)
      + ipc_mode                                    = (known after apply)
      + log_driver                                  = (known after apply)
      + logs                                        = false
      + memory                                      = 2048
      + memory_reservation                          = 0
      + must_run                                    = true
      + name                                        = "future20-prod-vm-0"
      + network_data                                = (known after apply)
      + network_mode                                = "bridge"
      + read_only                                   = false
      + remove_volumes                              = true
      + restart                                     = "unless-stopped"
      + rm                                          = false
      + runtime                                     = (known after apply)
      + security_opts                               = (known after apply)
      + shm_size                                    = (known after apply)
      + start                                       = true
      + stdin_open                                  = false
      + stop_signal                                 = (known after apply)
      + stop_timeout                                = (known after apply)
      + tty                                         = false
      + wait                                        = false
      + wait_timeout                                = 60

      + healthcheck (known after apply)

      + labels {
          + label = "cores"
          + value = "4"
        }
      + labels {
          + label = "disk_size_gb"
          + value = "40"
        }
      + labels {
          + label = "environment"
          + value = "prod"
        }
      + labels {
          + label = "managed-by"
          + value = "terraform"
        }
      + labels {
          + label = "memory_mb"
          + value = "2048"
        }
      + labels {
          + label = "module"
          + value = "vm"
        }

      + networks_advanced {
          + aliases      = []
          + name         = "future20-prod-subnet"
            # (3 unchanged attributes hidden)
        }

      + ports {
          + external = 18100
          + internal = 80
          + ip       = "0.0.0.0"
          + protocol = "tcp"
        }

      + volumes {
          + container_path = "/data"
          + volume_name    = "future20-prod-vm-0-disk"
            # (2 unchanged attributes hidden)
        }
    }

  # module.vm.docker_container.vm[1] will be created
  + resource "docker_container" "vm" {
      + attach                                      = false
      + bridge                                      = (known after apply)
      + command                                     = [
          + "/bin/sh",
          + "-c",
          + "mkdir -p /data/.ssh && printf '%s\\n' \"$SSH_PUBLIC_KEY\" > /data/.ssh/authorized_keys && chmod 600 /data/.ssh/authorized_keys && exec nginx -g 'daemon off;'",
        ]
      + container_logs                              = (known after apply)
      + container_read_refresh_timeout_milliseconds = 15000
      + cpu_shares                                  = 4096
      + entrypoint                                  = (known after apply)
      + env                                         = (sensitive value)
      + exit_code                                   = (known after apply)
      + hostname                                    = (known after apply)
      + id                                          = (known after apply)
      + image                                       = (known after apply)
      + init                                        = (known after apply)
      + ipc_mode                                    = (known after apply)
      + log_driver                                  = (known after apply)
      + logs                                        = false
      + memory                                      = 2048
      + memory_reservation                          = 0
      + must_run                                    = true
      + name                                        = "future20-prod-vm-1"
      + network_data                                = (known after apply)
      + network_mode                                = "bridge"
      + read_only                                   = false
      + remove_volumes                              = true
      + restart                                     = "unless-stopped"
      + rm                                          = false
      + runtime                                     = (known after apply)
      + security_opts                               = (known after apply)
      + shm_size                                    = (known after apply)
      + start                                       = true
      + stdin_open                                  = false
      + stop_signal                                 = (known after apply)
      + stop_timeout                                = (known after apply)
      + tty                                         = false
      + wait                                        = false
      + wait_timeout                                = 60

      + healthcheck (known after apply)

      + labels {
          + label = "cores"
          + value = "4"
        }
      + labels {
          + label = "disk_size_gb"
          + value = "40"
        }
      + labels {
          + label = "environment"
          + value = "prod"
        }
      + labels {
          + label = "managed-by"
          + value = "terraform"
        }
      + labels {
          + label = "memory_mb"
          + value = "2048"
        }
      + labels {
          + label = "module"
          + value = "vm"
        }

      + networks_advanced {
          + aliases      = []
          + name         = "future20-prod-subnet"
            # (3 unchanged attributes hidden)
        }

      + ports {
          + external = 18101
          + internal = 80
          + ip       = "0.0.0.0"
          + protocol = "tcp"
        }

      + volumes {
          + container_path = "/data"
          + volume_name    = "future20-prod-vm-1-disk"
            # (2 unchanged attributes hidden)
        }
    }

  # module.vm.docker_container.vm[2] will be created
  + resource "docker_container" "vm" {
      + attach                                      = false
      + bridge                                      = (known after apply)
      + command                                     = [
          + "/bin/sh",
          + "-c",
          + "mkdir -p /data/.ssh && printf '%s\\n' \"$SSH_PUBLIC_KEY\" > /data/.ssh/authorized_keys && chmod 600 /data/.ssh/authorized_keys && exec nginx -g 'daemon off;'",
        ]
      + container_logs                              = (known after apply)
      + container_read_refresh_timeout_milliseconds = 15000
      + cpu_shares                                  = 4096
      + entrypoint                                  = (known after apply)
      + env                                         = (sensitive value)
      + exit_code                                   = (known after apply)
      + hostname                                    = (known after apply)
      + id                                          = (known after apply)
      + image                                       = (known after apply)
      + init                                        = (known after apply)
      + ipc_mode                                    = (known after apply)
      + log_driver                                  = (known after apply)
      + logs                                        = false
      + memory                                      = 2048
      + memory_reservation                          = 0
      + must_run                                    = true
      + name                                        = "future20-prod-vm-2"
      + network_data                                = (known after apply)
      + network_mode                                = "bridge"
      + read_only                                   = false
      + remove_volumes                              = true
      + restart                                     = "unless-stopped"
      + rm                                          = false
      + runtime                                     = (known after apply)
      + security_opts                               = (known after apply)
      + shm_size                                    = (known after apply)
      + start                                       = true
      + stdin_open                                  = false
      + stop_signal                                 = (known after apply)
      + stop_timeout                                = (known after apply)
      + tty                                         = false
      + wait                                        = false
      + wait_timeout                                = 60

      + healthcheck (known after apply)

      + labels {
          + label = "cores"
          + value = "4"
        }
      + labels {
          + label = "disk_size_gb"
          + value = "40"
        }
      + labels {
          + label = "environment"
          + value = "prod"
        }
      + labels {
          + label = "managed-by"
          + value = "terraform"
        }
      + labels {
          + label = "memory_mb"
          + value = "2048"
        }
      + labels {
          + label = "module"
          + value = "vm"
        }

      + networks_advanced {
          + aliases      = []
          + name         = "future20-prod-subnet"
            # (3 unchanged attributes hidden)
        }

      + ports {
          + external = 18102
          + internal = 80
          + ip       = "0.0.0.0"
          + protocol = "tcp"
        }

      + volumes {
          + container_path = "/data"
          + volume_name    = "future20-prod-vm-2-disk"
            # (2 unchanged attributes hidden)
        }
    }

  # module.vm.docker_image.this will be created
  + resource "docker_image" "this" {
      + id           = (known after apply)
      + image_id     = (known after apply)
      + keep_locally = true
      + name         = "nginx:alpine"
      + repo_digest  = (known after apply)
    }

  # module.vm.docker_volume.disk[0] will be created
  + resource "docker_volume" "disk" {
      + driver     = (known after apply)
      + id         = (known after apply)
      + mountpoint = (known after apply)
      + name       = "future20-prod-vm-0-disk"

      + labels {
          + label = "disk_size_gb"
          + value = "40"
        }
      + labels {
          + label = "managed-by"
          + value = "terraform"
        }
    }

  # module.vm.docker_volume.disk[1] will be created
  + resource "docker_volume" "disk" {
      + driver     = (known after apply)
      + id         = (known after apply)
      + mountpoint = (known after apply)
      + name       = "future20-prod-vm-1-disk"

      + labels {
          + label = "disk_size_gb"
          + value = "40"
        }
      + labels {
          + label = "managed-by"
          + value = "terraform"
        }
    }

  # module.vm.docker_volume.disk[2] will be created
  + resource "docker_volume" "disk" {
      + driver     = (known after apply)
      + id         = (known after apply)
      + mountpoint = (known after apply)
      + name       = "future20-prod-vm-2-disk"

      + labels {
          + label = "disk_size_gb"
          + value = "40"
        }
      + labels {
          + label = "managed-by"
          + value = "terraform"
        }
    }

Plan: 8 to add, 0 to change, 0 to destroy.

Changes to Outputs:
  + environment     = "prod"
  + subnet          = "future20-prod-subnet"
  + vm_disk_names   = [
      + "future20-prod-vm-0-disk",
      + "future20-prod-vm-1-disk",
      + "future20-prod-vm-2-disk",
    ]
  + vm_ids          = [
      + (known after apply),
      + (known after apply),
      + (known after apply),
    ]
  + vm_ip_addresses = [
      + (known after apply),
      + (known after apply),
      + (known after apply),
    ]
  + vm_names        = [
      + "future20-prod-vm-0",
      + "future20-prod-vm-1",
      + "future20-prod-vm-2",
    ]
module.vm.docker_volume.disk[1]: Creating...
module.vm.docker_volume.disk[0]: Creating...
docker_network.subnet: Creating...
module.vm.docker_image.this: Creating...
module.vm.docker_volume.disk[2]: Creating...
module.vm.docker_volume.disk[1]: Creation complete after 0s [id=future20-prod-vm-1-disk]
module.vm.docker_volume.disk[0]: Creation complete after 0s [id=future20-prod-vm-0-disk]
module.vm.docker_volume.disk[2]: Creation complete after 0s [id=future20-prod-vm-2-disk]
module.vm.docker_image.this: Creation complete after 0s [id=sha256:8b1e78743a03dbb2c95171cc58639fef29abc8816598e27fb910ed2e621e589anginx:alpine]
docker_network.subnet: Creation complete after 2s [id=900b331e1c07d7ddcbf326b70429f4fef5c14bdee0b517ac3026f9a3fa283128]
module.vm.docker_container.vm[1]: Creating...
module.vm.docker_container.vm[2]: Creating...
module.vm.docker_container.vm[0]: Creating...
module.vm.docker_container.vm[2]: Creation complete after 1s [id=3e7d569f5e98e1af1a9f5ba87af55dc132e24107be22b57cf77a7d8928e559a7]
module.vm.docker_container.vm[1]: Creation complete after 1s [id=68635c47288a403d2a0f520f02097db3f9bc0188ede303f2b00c24859a531386]
module.vm.docker_container.vm[0]: Creation complete after 1s [id=d3af5a7e17203f36c9dcb64b1483270efc72595423337dd5322f47f17eaa7abb]

Apply complete! Resources: 8 added, 0 changed, 0 destroyed.

Outputs:

environment = "prod"
subnet = "future20-prod-subnet"
vm_disk_names = [
  "future20-prod-vm-0-disk",
  "future20-prod-vm-1-disk",
  "future20-prod-vm-2-disk",
]
vm_ids = [
  "d3af5a7e17203f36c9dcb64b1483270efc72595423337dd5322f47f17eaa7abb",
  "68635c47288a403d2a0f520f02097db3f9bc0188ede303f2b00c24859a531386",
  "3e7d569f5e98e1af1a9f5ba87af55dc132e24107be22b57cf77a7d8928e559a7",
]
vm_ip_addresses = [
  "172.30.30.3",
  "172.30.30.4",
  "172.30.30.2",
]
vm_names = [
  "future20-prod-vm-0",
  "future20-prod-vm-1",
  "future20-prod-vm-2",
]
